Module :  SQ
 Filename    Tot   OK  Fai  Del  Man
 SQ101M.PRT   57    0    0    0   57 OK
 SQ102A.PRT   11   11    0    0    0 OK
 SQ103A.PRT   30   30    0    0    0 OK
 SQ104A.PRT   11   11    0    0    0 OK
 SQ105A.PRT   22   22    0    0    0 OK
 SQ106A.PRT   75   69    0    6    0 OK
 SQ107A.PRT    6    6    0    0    0 OK
 SQ108A.PRT    8    8    0    0    0 OK
 SQ112A.PRT    7    7    0    0    0 OK
 SQ113A.PRT   22   22    0    0    0 OK
 SQ115A.PRT    3    3    0    0    0 OK
 SQ116A.PRT   10   10    0    0    0 OK
 SQ117A.PRT    8    8    0    0    0 OK
 SQ121A.PRT    3    3    0    0    0 OK
 SQ122A.PRT    6    6    0    0    0 OK
 SQ125A.PRT    2    2    0    0    0 OK
 SQ126A.PRT    7    7    0    0    0 OK
 SQ127A.PRT    6    6    0    0    0 OK
 SQ128A.PRT    9    9    0    0    0 OK
 SQ129A.PRT    0    0    0    0    0 OK
 SQ130A.PRT    1    1    0    0    0 OK
 SQ131A.PRT    2    2    0    0    0 OK
 SQ132A.PRT    1    1    0    0    0 OK
 SQ133A.PRT   15   15    0    0    0 OK
 SQ134A.PRT   15   15    0    0    0 OK
 SQ135A.PRT    1    1    0    0    0 OK
 SQ136A.PRT    1    1    0    0    0 OK
 SQ137A.PRT    1    1    0    0    0 OK
 SQ138A.PRT    1    1    0    0    0 OK
 SQ139A.PRT    1    1    0    0    0 OK
 SQ140A.PRT    1    1    0    0    0 OK
 SQ141A.PRT    1    1    0    0    0 OK
 SQ142A.PRT    1    1    0    0    0 OK
 SQ143A.PRT    1    1    0    0    0 OK
 SQ144A.PRT    1    1    0    0    0 OK
 SQ146A.PRT    1    1    0    0    0 OK
 SQ147A.PRT    1    1    0    0    0 OK
 SQ148A.PRT    2    2    0    0    0 OK
 SQ149A.PRT    1    1    0    0    0 OK
 SQ150A.PRT    1    1    0    0    0 OK
 SQ151A.PRT    1    1    0    0    0 OK
 SQ152A.PRT    1    1    0    0    0 OK
 SQ153A.PRT    0    0    0    0    0 OK
 SQ154A.PRT    1    1    0    0    0 OK
 SQ155A.PRT    1    1    0    0    0 OK
 SQ156A.PRT    1    1    0    0    0 OK
 SQ202A.PRT    1    1    0    0    0 OK
 SQ203A.PRT    4    4    0    0    0 OK
 SQ204A.PRT    2    2    0    0    0 OK
 SQ205A.PRT    2    2    0    0    0 OK
 SQ212A.PRT    1    1    0    0    0 OK
 SQ213A.PRT    7    7    0    0    0 OK
 SQ220A.PRT    6    6    0    0    0 OK
 SQ221A.PRT    6    6    0    0    0 OK
 SQ222A.PRT    6    6    0    0    0 OK
 SQ223A.PRT    6    6    0    0    0 OK
 SQ224A.PRT    3    3    0    0    0 OK
 SQ225A.PRT    3    3    0    0    0 OK
 SQ226A.PRT   37   37    0    0    0 OK
 SQ227A.PRT   16   16    0    0    0 OK
 SQ228A.PRT    1    1    0    0    0 OK
 SQ229A.PRT    1    1    0    0    0 OK
 SQ230A.PRT    1    1    0    0    0 OK
 Total:      461  398    0    6   57   63   63 OK
    Percentages: pgms ok: 100 %  Tests ok: 86.3341 %
